Pressed 1, Display shows: 1
Pressed 1, Display shows: 11
Pressed 2, Display shows: 112
Pressed 1, Display shows: 1121
Pressed 3, Display shows: 11213
Pressed +, Display shows: 11213
Pressed 1, Display shows: 1
Pressed 1, Display shows: 11
Pressed +, Display shows: 11
Pressed 5, Display shows: 5
Pressed 2, Display shows: 52
Pressed 1, Display shows: 521
Pressed /, Display shows: 521
Pressed 3, Display shows: 3
Pressed 1, Display shows: 31
Pressed 5, Display shows: 315
Pressed /, Display shows: 315
Pressed 5, Display shows: 5
Pressed =, Display shows: 5
Pressed 1, Display shows: 1
Pressed +, Display shows: 1
Pressed 2, Display shows: 2
Pressed =, Display shows: 3
Pressed 1, Display shows: 1
Pressed C, Display shows: 1C
Pressed 2, Display shows: 1C2
Pressed 1, Display shows: 1C21
Pressed C, Display shows: 1C21C
Pressed C, Display shows: E
Pressed 1, Display shows: E
Pressed C, Display shows: E
