{0} Updated - Quality: {1}, SellIn: {2}
{0} Updated - Quality: {1}, SellIn: {2}
{0} Updated - Quality: {1}, SellIn: {2}
{0} Updated - Quality: {1}, SellIn: {2}
{0} Updated - Quality: {1}, SellIn: {2}
{0} Updated - Quality: {1}, SellIn: {2}
{0} Updated - Quality: {1}, SellIn: {2}
{0} Updated - Quality: {1}, SellIn: {2}
{0} Updated - Quality: {1}, SellIn: {2}
{0} Updated - Quality: {1}, SellIn: {2}
{0} Updated - Quality: {1}, SellIn: {2}
{0} Updated - Quality: {1}, SellIn: {2}
{0} Updated - Quality: {1}, SellIn: {2}
{0} Updated - Quality: {1}, SellIn: {2}
{0} Updated - Quality: {1}, SellIn: {2}
{0} Updated - Quality: {1}, SellIn: {2}
{0} Updated - Quality: {1}, SellIn: {2}
{0} Updated - Quality: {1}, SellIn: {2}
{0} Updated - Quality: {1}, SellIn: {2}
{0} Updated - Quality: {1}, SellIn: {2}
{0} Updated - Quality: {1}, SellIn: {2}
{0} Updated - Quality: {1}, SellIn: {2}
{0} Updated - Quality: {1}, SellIn: {2}
{0} Updated - Quality: {1}, SellIn: {2}
{0} Updated - Quality: {1}, SellIn: {2}
{0} Updated - Quality: {1}, SellIn: {2}
{0} Updated - Quality: {1}, SellIn: {2}
{0} Updated - Quality: {1}, SellIn: {2}
{0} Updated - Quality: {1}, SellIn: {2}
{0} Updated - Quality: {1}, SellIn: {2}
{0} Updated - Quality: {1}, SellIn: {2}
{0} Updated - Quality: {1}, SellIn: {2}
{0} Updated - Quality: {1}, SellIn: {2}
{0} Updated - Quality: {1}, SellIn: {2}
{0} Updated - Quality: {1}, SellIn: {2}
{0} Updated - Quality: {1}, SellIn: {2}
{0} Updated - Quality: {1}, SellIn: {2}
{0} Updated - Quality: {1}, SellIn: {2}
{0} Updated - Quality: {1}, SellIn: {2}
{0} Updated - Quality: {1}, SellIn: {2}
{0} Updated - Quality: {1}, SellIn: {2}
{0} Updated - Quality: {1}, SellIn: {2}
{0} Updated - Quality: {1}, SellIn: {2}
{0} Updated - Quality: {1}, SellIn: {2}
{0} Updated - Quality: {1}, SellIn: {2}
{0} Updated - Quality: {1}, SellIn: {2}
{0} Updated - Quality: {1}, SellIn: {2}
{0} Updated - Quality: {1}, SellIn: {2}
{0} Updated - Quality: {1}, SellIn: {2}
{0} Updated - Quality: {1}, SellIn: {2}
{0} Updated - Quality: {1}, SellIn: {2}
{0} Updated - Quality: {1}, SellIn: {2}
{0} Updated - Quality: {1}, SellIn: {2}
{0} Updated - Quality: {1}, SellIn: {2}
{0} Updated - Quality: {1}, SellIn: {2}
{0} Updated - Quality: {1}, SellIn: {2}
{0} Updated - Quality: {1}, SellIn: {2}
{0} Updated - Quality: {1}, SellIn: {2}
{0} Updated - Quality: {1}, SellIn: {2}
{0} Updated - Quality: {1}, SellIn: {2}
{0} Updated - Quality: {1}, SellIn: {2}
{0} Updated - Quality: {1}, SellIn: {2}
{0} Updated - Quality: {1}, SellIn: {2}
{0} Updated - Quality: {1}, SellIn: {2}
{0} Updated - Quality: {1}, SellIn: {2}
{0} Updated - Quality: {1}, SellIn: {2}
{0} Updated - Quality: {1}, SellIn: {2}
{0} Updated - Quality: {1}, SellIn: {2}
{0} Updated - Quality: {1}, SellIn: {2}
{0} Updated - Quality: {1}, SellIn: {2}
{0} Updated - Quality: {1}, SellIn: {2}
{0} Updated - Quality: {1}, SellIn: {2}
{0} Updated - Quality: {1}, SellIn: {2}
{0} Updated - Quality: {1}, SellIn: {2}
{0} Updated - Quality: {1}, SellIn: {2}
{0} Updated - Quality: {1}, SellIn: {2}
{0} Updated - Quality: {1}, SellIn: {2}
{0} Updated - Quality: {1}, SellIn: {2}
{0} Updated - Quality: {1}, SellIn: {2}
{0} Updated - Quality: {1}, SellIn: {2}
{0} Updated - Quality: {1}, SellIn: {2}
{0} Updated - Quality: {1}, SellIn: {2}
{0} Updated - Quality: {1}, SellIn: {2}
{0} Updated - Quality: {1}, SellIn: {2}
{0} Updated - Quality: {1}, SellIn: {2}
{0} Updated - Quality: {1}, SellIn: {2}
{0} Updated - Quality: {1}, SellIn: {2}
{0} Updated - Quality: {1}, SellIn: {2}
{0} Updated - Quality: {1}, SellIn: {2}
{0} Updated - Quality: {1}, SellIn: {2}
{0} Updated - Quality: {1}, SellIn: {2}
{0} Updated - Quality: {1}, SellIn: {2}
{0} Updated - Quality: {1}, SellIn: {2}
{0} Updated - Quality: {1}, SellIn: {2}
{0} Updated - Quality: {1}, SellIn: {2}
{0} Updated - Quality: {1}, SellIn: {2}
{0} Updated - Quality: {1}, SellIn: {2}
{0} Updated - Quality: {1}, SellIn: {2}
{0} Updated - Quality: {1}, SellIn: {2}
{0} Updated - Quality: {1}, SellIn: {2}
{0} Updated - Quality: {1}, SellIn: {2}
{0} Updated - Quality: {1}, SellIn: {2}
{0} Updated - Quality: {1}, SellIn: {2}
{0} Updated - Quality: {1}, SellIn: {2}
{0} Updated - Quality: {1}, SellIn: {2}
{0} Updated - Quality: {1}, SellIn: {2}
{0} Updated - Quality: {1}, SellIn: {2}
{0} Updated - Quality: {1}, SellIn: {2}
{0} Updated - Quality: {1}, SellIn: {2}
{0} Updated - Quality: {1}, SellIn: {2}
{0} Updated - Quality: {1}, SellIn: {2}
{0} Updated - Quality: {1}, SellIn: {2}
{0} Updated - Quality: {1}, SellIn: {2}
{0} Updated - Quality: {1}, SellIn: {2}
{0} Updated - Quality: {1}, SellIn: {2}
{0} Updated - Quality: {1}, SellIn: {2}
{0} Updated - Quality: {1}, SellIn: {2}
{0} Updated - Quality: {1}, SellIn: {2}
{0} Updated - Quality: {1}, SellIn: {2}
{0} Updated - Quality: {1}, SellIn: {2}
{0} Updated - Quality: {1}, SellIn: {2}
{0} Updated - Quality: {1}, SellIn: {2}
{0} Updated - Quality: {1}, SellIn: {2}
{0} Updated - Quality: {1}, SellIn: {2}
{0} Updated - Quality: {1}, SellIn: {2}
{0} Updated - Quality: {1}, SellIn: {2}
{0} Updated - Quality: {1}, SellIn: {2}
{0} Updated - Quality: {1}, SellIn: {2}
{0} Updated - Quality: {1}, SellIn: {2}
{0} Updated - Quality: {1}, SellIn: {2}
{0} Updated - Quality: {1}, SellIn: {2}
{0} Updated - Quality: {1}, SellIn: {2}
{0} Updated - Quality: {1}, SellIn: {2}
{0} Updated - Quality: {1}, SellIn: {2}
{0} Updated - Quality: {1}, SellIn: {2}
{0} Updated - Quality: {1}, SellIn: {2}
{0} Updated - Quality: {1}, SellIn: {2}
{0} Updated - Quality: {1}, SellIn: {2}
{0} Updated - Quality: {1}, SellIn: {2}
{0} Updated - Quality: {1}, SellIn: {2}
{0} Updated - Quality: {1}, SellIn: {2}
{0} Updated - Quality: {1}, SellIn: {2}
{0} Updated - Quality: {1}, SellIn: {2}
{0} Updated - Quality: {1}, SellIn: {2}
{0} Updated - Quality: {1}, SellIn: {2}
{0} Updated - Quality: {1}, SellIn: {2}
{0} Updated - Quality: {1}, SellIn: {2}
{0} Updated - Quality: {1}, SellIn: {2}
{0} Updated - Quality: {1}, SellIn: {2}
{0} Updated - Quality: {1}, SellIn: {2}
{0} Updated - Quality: {1}, SellIn: {2}
{0} Updated - Quality: {1}, SellIn: {2}
{0} Updated - Quality: {1}, SellIn: {2}
{0} Updated - Quality: {1}, SellIn: {2}
{0} Updated - Quality: {1}, SellIn: {2}
{0} Updated - Quality: {1}, SellIn: {2}
{0} Updated - Quality: {1}, SellIn: {2}
{0} Updated - Quality: {1}, SellIn: {2}
{0} Updated - Quality: {1}, SellIn: {2}
{0} Updated - Quality: {1}, SellIn: {2}
{0} Updated - Quality: {1}, SellIn: {2}
{0} Updated - Quality: {1}, SellIn: {2}
{0} Updated - Quality: {1}, SellIn: {2}
{0} Updated - Quality: {1}, SellIn: {2}
{0} Updated - Quality: {1}, SellIn: {2}
{0} Updated - Quality: {1}, SellIn: {2}
{0} Updated - Quality: {1}, SellIn: {2}
{0} Updated - Quality: {1}, SellIn: {2}
{0} Updated - Quality: {1}, SellIn: {2}
{0} Updated - Quality: {1}, SellIn: {2}
{0} Updated - Quality: {1}, SellIn: {2}
{0} Updated - Quality: {1}, SellIn: {2}
{0} Updated - Quality: {1}, SellIn: {2}
{0} Updated - Quality: {1}, SellIn: {2}
{0} Updated - Quality: {1}, SellIn: {2}
{0} Updated - Quality: {1}, SellIn: {2}
{0} Updated - Quality: {1}, SellIn: {2}
{0} Updated - Quality: {1}, SellIn: {2}
{0} Updated - Quality: {1}, SellIn: {2}
{0} Updated - Quality: {1}, SellIn: {2}
{0} Updated - Quality: {1}, SellIn: {2}
{0} Updated - Quality: {1}, SellIn: {2}
{0} Updated - Quality: {1}, SellIn: {2}
{0} Updated - Quality: {1}, SellIn: {2}
{0} Updated - Quality: {1}, SellIn: {2}
{0} Updated - Quality: {1}, SellIn: {2}
{0} Updated - Quality: {1}, SellIn: {2}
{0} Updated - Quality: {1}, SellIn: {2}
{0} Updated - Quality: {1}, SellIn: {2}
{0} Updated - Quality: {1}, SellIn: {2}
{0} Updated - Quality: {1}, SellIn: {2}
{0} Updated - Quality: {1}, SellIn: {2}
{0} Updated - Quality: {1}, SellIn: {2}
{0} Updated - Quality: {1}, SellIn: {2}
{0} Updated - Quality: {1}, SellIn: {2}
{0} Updated - Quality: {1}, SellIn: {2}
{0} Updated - Quality: {1}, SellIn: {2}
{0} Updated - Quality: {1}, SellIn: {2}
{0} Updated - Quality: {1}, SellIn: {2}
{0} Updated - Quality: {1}, SellIn: {2}
{0} Updated - Quality: {1}, SellIn: {2}
{0} Updated - Quality: {1}, SellIn: {2}
{0} Updated - Quality: {1}, SellIn: {2}
{0} Updated - Quality: {1}, SellIn: {2}
{0} Updated - Quality: {1}, SellIn: {2}
{0} Updated - Quality: {1}, SellIn: {2}
{0} Updated - Quality: {1}, SellIn: {2}
{0} Updated - Quality: {1}, SellIn: {2}
{0} Updated - Quality: {1}, SellIn: {2}
{0} Updated - Quality: {1}, SellIn: {2}
{0} Updated - Quality: {1}, SellIn: {2}
{0} Updated - Quality: {1}, SellIn: {2}
{0} Updated - Quality: {1}, SellIn: {2}
{0} Updated - Quality: {1}, SellIn: {2}
{0} Updated - Quality: {1}, SellIn: {2}
{0} Updated - Quality: {1}, SellIn: {2}
{0} Updated - Quality: {1}, SellIn: {2}
{0} Updated - Quality: {1}, SellIn: {2}
{0} Updated - Quality: {1}, SellIn: {2}
{0} Updated - Quality: {1}, SellIn: {2}
{0} Updated - Quality: {1}, SellIn: {2}
{0} Updated - Quality: {1}, SellIn: {2}
{0} Updated - Quality: {1}, SellIn: {2}
{0} Updated - Quality: {1}, SellIn: {2}
{0} Updated - Quality: {1}, SellIn: {2}
{0} Updated - Quality: {1}, SellIn: {2}
{0} Updated - Quality: {1}, SellIn: {2}
{0} Updated - Quality: {1}, SellIn: {2}
{0} Updated - Quality: {1}, SellIn: {2}
{0} Updated - Quality: {1}, SellIn: {2}
{0} Updated - Quality: {1}, SellIn: {2}
{0} Updated - Quality: {1}, SellIn: {2}
{0} Updated - Quality: {1}, SellIn: {2}
{0} Updated - Quality: {1}, SellIn: {2}
{0} Updated - Quality: {1}, SellIn: {2}
{0} Updated - Quality: {1}, SellIn: {2}
{0} Updated - Quality: {1}, SellIn: {2}
{0} Updated - Quality: {1}, SellIn: {2}
{0} Updated - Quality: {1}, SellIn: {2}
{0} Updated - Quality: {1}, SellIn: {2}
{0} Updated - Quality: {1}, SellIn: {2}
{0} Updated - Quality: {1}, SellIn: {2}
{0} Updated - Quality: {1}, SellIn: {2}
{0} Updated - Quality: {1}, SellIn: {2}
{0} Updated - Quality: {1}, SellIn: {2}
{0} Updated - Quality: {1}, SellIn: {2}
{0} Updated - Quality: {1}, SellIn: {2}
{0} Updated - Quality: {1}, SellIn: {2}
{0} Updated - Quality: {1}, SellIn: {2}
{0} Updated - Quality: {1}, SellIn: {2}
{0} Updated - Quality: {1}, SellIn: {2}
{0} Updated - Quality: {1}, SellIn: {2}
{0} Updated - Quality: {1}, SellIn: {2}
{0} Updated - Quality: {1}, SellIn: {2}
{0} Updated - Quality: {1}, SellIn: {2}
{0} Updated - Quality: {1}, SellIn: {2}
{0} Updated - Quality: {1}, SellIn: {2}
{0} Updated - Quality: {1}, SellIn: {2}
{0} Updated - Quality: {1}, SellIn: {2}
{0} Updated - Quality: {1}, SellIn: {2}
{0} Updated - Quality: {1}, SellIn: {2}
{0} Updated - Quality: {1}, SellIn: {2}
{0} Updated - Quality: {1}, SellIn: {2}
{0} Updated - Quality: {1}, SellIn: {2}
{0} Updated - Quality: {1}, SellIn: {2}
{0} Updated - Quality: {1}, SellIn: {2}
{0} Updated - Quality: {1}, SellIn: {2}
{0} Updated - Quality: {1}, SellIn: {2}
{0} Updated - Quality: {1}, SellIn: {2}
{0} Updated - Quality: {1}, SellIn: {2}
